// Jest Snapshot v1, https://goo.gl/fbAQLP

exports[`test Login component should render component 1`] = `ShallowWrapper {}`;
