// Jest Snapshot v1, https://goo.gl/fbAQLP

exports[`test User component should render component 1`] = `ShallowWrapper {}`;
