// Jest Snapshot v1, https://goo.gl/fbAQLP

exports[`test App component should match snapshot 1`] = `ShallowWrapper {}`;
